// Jest Snapshot v1, https://goo.gl/fbAQLP

exports[`TodoList should render correctly in "debug" mode 1`] = `<ul />`;
